[?7h[40m[2J[0;31m ÄÄÄ[34m°ßßßß[1mÜ[0;31mÄÄÄ[34mÜßßßßÜ[31mÄÄ[34m°ßßÛßß[1mÛ[0;31mÄÄ[34m°[0;31mÄÄÄÄÄ[1;34mÛ[0;31mÄÄÄ
 ÄÄÄ[34m°[31mÄÄÄÄ[1;34mÛ[0;31mÄÄ[34m°[31mÄÄÄÄÄÄ[1;34mÛ[0;31mÄÄÄÄ[34mÛ[31mÄÄÄÄÄÄ[34mßÜ[0;31mÄ[34mÜß[0;31mÄÄÄÄ
 ÄÄÄ[34m°ßßßÛ[31mÄÄÄ[34m°[31mÄÄÄÄÄÄ[1;34mÛ[0;31mÄÄÄÄ[34mÛ[31mÄÄÄÄÄÄÄÄ[34mÛ[0;31mÄÄÄÄÄÄ
 ÄÄÄ[34m°[31mÄÄÄÄ[1;34mÛ[0;31mÄÄ[34m°[31mÄÄÄÄÄÄ[1;34mÛ[0;31mÄÄÄÄ[34mÛ[31mÄÄÄÄÄÄ[34mÜß[0;31mÄ[34mßÜ[0;31mÄÄÄÄ
 ÄÄÄ[34m°ÜÜÜÜ[1mß[0;31mÄÄÄ[34mßÜÜÜÜß[31mÄÄÄÄÄ[34mÛ[31mÄÄÄÄÄ[34m°[0;31mÄÄÄÄÄ[1;34mÛ[0;31mÄÄÄ

   [1;32mB [0;32ml o o d   [1mo [0;32mf   [1mt [0;32mh e   [1mX [0;32mS E E D

[9C[35m by Thomas Lipschultz

[5C[34m-[36m= [1;34mPress any key to continue [0;36m=[34m-[0m[255D
