[?7h[40m[2J[19C[0;32mฺฤฤฤฤฤฤฤฤฤฤฤฤฤฤฤฤฤฤฤฤฤฤฤฤฤฤฤฤฤฤฤฤฤฤฤฤฤฤฤฤฟ
[19Cณ [1;31mB[0;31mlood [1mo[0;31mf [1mt[0;31mhe [1mC[0;31mhameleon [36mPlayer Rankings [32mณ
[19Cภฤฤฤฤฤฤฤฤฤฤฤฤฤฤฤฤฤฤฤฤฤฤฤฤฤฤฤฤฤฤฤฤฤฤฤฤฤฤฤฤู
[1;35mออออออหอออออหออออออออออออออออออออออออหอออออหออออออออหอออออออออออหอออออออออหอออออ[5;1H[33mStat  [35mบ [33mM/F [35mบ [33mName[19C[35mบ [33mLvl [35mบ [33mExp    [35mบ [33mLocation  [35mบ [33mTears   [35mบ [33mWins[6;1H[35mออออออสอออออสออออออออออออออออออออออออสอออออสออออออออสอออออออออออสอออออออออสอออออ[7;1H
[1;37mAlive   M     TWiG the Mighty          20    812476   Delidia     [31m [D [36m [D [33m [D [0;33m [D   [1;37m99
[1;37mAlive   F     Dargon Master            5     78342    Labyrinth   [31m [D   [33m [D[5C[37m1
[0;37mDead    M     Do'ggie                  1     2        Eagle                 0
[1;37mAlive   F     Don the Puny[13C1[5C0[8CShagwood[14C0
[0m[255D
