[?7h[40m[2J[0;1;31mB [0;31ml o o d   [1mo [0;31mf   [1mt [0;31mh e   [1mC [0;31mh a m e l e o n    [1;35m³ [0;35mYou have been given the task of[2;1H[1;5;37mINCOMPLETE DEMO VERSION![9C[0mAlpha 0.25    [1;35m³ [0;35mfinding and defeating the evil
[23C[37mby Thomas Lipschultz    [1;35m³ [0;35m"Chameleon", master mimic. To
[1mÄÄÄÄÄÄÄÄÄÄÄÄÄÄÄÄÄÄÄÄÄÄÄÄÄÄÄÄÄÄÄÄÄÄÄÄÄÄÄÄÄÄÄÄÄÄÄ´ [0;35mdo this, you must first find
[1;36mNew additions in this version:[17C[35m³ [0;35mthe four elemental tears. [1mIn
 [0;36m* Fully functional items and magic![11C[1;35m³ this version of the game, you
 [0;36m* (E)xamine and (F)ight commands now work!    [1;35m³ can win by retrieving [33m20 items
 [0;36m* New BotC compass makes exploration easier!  [1;35m³ and learning [33m12 magic spells[35m!
ÄÄÄÄÄÄÄÄÄÄÄÄÄÄÄÄÄÄÄÄÄÄÄÄÄÄÄÄÄÄÄÄÄÄÄÄÄÄÄÄÄÄÄÄÄÄÄÁÄÄÄÄÄÄÄÄÄÄÄÄÄÄÄÄÄÄÄÄÄÄÄÄÄÄÄÄÄÄÄÄ[10;1H[37mQuick instructions [33m(READ THESE FOR YOUR OWN GOOD!)[37m:
[0m* Be sure to ([1mE[0m)xamine anything which looks out-of-place. Certain objects will
  teach you [1mmagic [0mwhen examined!
* If there is an item in the room which can be added to your inventory, it
  will be displayed above "Turns left" and can be retrieved with ([1mG[0m)et.
* All other game commands, as well as ([1mE[0m)xamine and ([1mG[0m)et, will be shown at
  the top of the screen at all times.
[1;35mÄÄÄÄÄÄÄÄÄÄÄÄÄÄÄÄÄÄÄÄÄÄÄÄÄÄÄÄÄÄÄÄÄÄÄÄÄÄÄÄÄÄÄÄÄÄÄÄÄÄÄÄÄÄÄÄÄÄÄÄÄÄÄÄÄÄÄÄÄÄÄÄÄÄÄÄÄÄÄÄ[18;1H[32mPlease report all comments, suggestions, bugs, etc. to Thomas Lipschultz via
Internet email at [36mthlipschultz@acad.ursinus.edu[32m. Help support this game!
[35mÄÄÄÄÄÄÄÄÄÄÄÄÄÄÄÄÄÄÄÄÄÄÄÄÄÄÄÄÄÄÄÄÄÄÄÄÄÄÄÄÄÄÄÄÄÄÄÄÄÄÄÄÄÄÄÄÄÄÄÄÄÄÄÄÄÄÄÄÄÄÄÄÄÄÄÄÄÄÄÄ[21;1H[0;34m-[36m= [1;34mPress any key to continue [0;36m=[34m-[0m[255D
