[?7h[40m[2J[1C[0;32mÄÄÄÄÄÄÄÄÄÄÄÄÄÄÄÄÄÄÄÄÄÄÄÄÄÄÄÄÄÄÄÄÄÄÄÄÄÄÄÄÄÄÄ
 [1;31mB [0;31ml o o d   [1mo [0;31mf   [1mt [0;31mh e   [1mC [0;31mh a m e l e o n
 [32mÄÄÄÄÄÄÄÄÄÄÄÄÄÄÄÄÄÄÄÄÄÄÄÄÄÄÄÄÄÄÄÄÄÄÄÄÄÄÄÄÄÄÄ
- = A new door game by The Wizard Glenlin = -

[1mA new version of this door-in-development has been installed on this BBS.
Please try it out and report all bugs to The Wizard Glenlin or to
thlipschultz@acad.ursinus.edu.

[36mMany thanks to those who participate!

[34mTW[0;34mi[1mG

[0m%PA%CL










[0m[255D