[?7h[40m[2J[0;31mÚÄÄ ÄÄÄÄÄÄÄÄÄÄÄÄÄÄÄÄÄÄÄÄÄÄÄÄÄÄÄÄÄÄÄÄÄÄÄÄÄÄÄÄÄÄÄÄÄÄÄÄÄÄÄÄÄÄÄÄÄÄÄÄÄÄÄÄÄÄÄÄÄÄÄÄÄÄÄ¿[2;1H³ [1mMinimum damage (unlucky hit)[17C:[31C[0;31m³[3;1H³ [1mMaximum damage (sharpened weapon, lucky hit) :[31C[0;31m³[4;1H³ [1mElemental power[30C:[31C[0;31m³[5;1HÀÄÄÄÄÄÄÄÄÄÄÄÄÄÄÄÄÄÄÄÄÄÄÄÄÄÄÄÄÄÄÄÄÄÄÄÄÄÄÄÄÄÄÄÄÄÄÄÄÄÄÄÄÄÄÄÄÄÄÄÄÄÄÄÄÄÄÄÄÄÄÄÄÄÄÄÄÄÄÙ[6;1H
[35mÚÄÄ [1mYour currently armed weapon [0;35mÄÄÄÄÄÄÄÄÄÄÄÄÄÄÄÄÄÄÄÄÄÄÄÄÄÄÄÄÄÄÄÄÄÄÄÄÄÄÄÄÄÄÄÄÄÄÄ¿[8;1H³ [1mWeapon name[34C:[31C[0;35m³[9;1H³ [1mMinimum damage (unlucky hit)[17C:[31C[0;35m³[10;1H³ [1mMaximum damage (sharpened weapon, lucky hit) :[31C[0;35m³[11;1H³ [1mElemental power[30C:[31C[0;35m³[12;1HÀÄÄÄÄÄÄÄÄÄÄÄÄÄÄÄÄÄÄÄÄÄÄÄÄÄÄÄÄÄÄÄÄÄÄÄÄÄÄÄÄÄÄÄÄÄÄÄÄÄÄÄÄÄÄÄÄÄÄÄÄÄÄÄÄÄÄÄÄÄÄÄÄÄÄÄÄÄÄÙ[13;1H
  [32mDo you want to switch your weapon?  [1mY[0;32mes  [1mN[0;32mo[0m[255D
