News Log
Map
Vulteria Godbook
Unit
Dirty Coffee
Herb
Crimson Steer
Locator
Video Locator
Relocator
Diamond
Ruby
Emerald
Sapphire
Crown of Hope
Crown of Despair
Oxygen Bulb
Incense
Amulet
Powder Flash
Personal Transporter
Magnetic Cane
Blizzard Stone
Inferno Stone
Hurricane Stone
Iron Key
Bronze Key
Copper Key
Stone Key
Minecar Lock Descrambler
Broken Clock
Blood of XSEED: Brown
Blood of XSEED: Yellow
Blood of XSEED: Gray
Blood of XSEED: Pink
Blood of XSEED: Green
Blood of XSEED: Flashing
Blood of XSEED: Black
Blood of XSEED: Cyan
Blood of XSEED: White
Blood of XSEED: Blue
Dirty Coffee
Cursed Necklace
Lion Emblem
Bottle of Ale
Debug Kit
Bard's Harp
Mere Words
Sales Figures
Market Study
Quality Localization
Blurry Screenshots
Flood of Emails
Stonefall Blade
Breezeblade
Electric Blade
Sulfur Blade
Dwarven Handaxe
Prism Lance
Dark Cipher
Golden Scepter
Blazen Scepter
Staff of Snow
Boulder Wand
Variant Blade
Shatterspear
Changeling Blade
Employment Contract
Ad Campaign
Solid Idea
Hype
Hopes & Dreams
Fans' Tears of Joy
Heavy Tortoise Shell
Inferno Plate
Frost Plate
Bubblemail
Labyrinth Vest
Blessed Aura
Changeling Mail
