[?7h[40m[2J[2C[0;1;31mItem name[13C:  [0;31mHerb
  [1mItem effect[11C:  [0;31mFully recovers your health
  [1mCost (in gold pieces) :  [0;31m150

  [1;32mB[0;32muy this item
  [1mN[0;32mext item for sale[32C[1;36mGold pieces on hand:
  [32mP[0;32mrevious item for sale[29C[36m12898
  [1;32mL[0;32meave (don't buy anything)
















[0m[255D