[?7h[1;1H[5;24H[0;31mлллллллллллллллллллллллллллллл[6;24Hлллллллллллллллллллллллллллллл[7;24Hлллллллллллллллллллллллллллллл[8;24Hлллллллллллллллллллллллллллллл[9;24Hлллллллллллллллллллллллллллллл[5;24H[1mлллллллллллллллллллллллллллллл[6;24Hлллллллллллллллллллллллллллллл[7;24Hлллллллллллллллллллллллллллллл[8;24Hлллллллллллллллллллллллллллллл[9;24Hлллллллллллллллллллллллллллллл[5;24H[33mлллллллллллллллллллллллллллллл[6;24Hлллллллллллллллллллллллллллллл[7;24Hлллллллллллллллллллллллллллллл[8;24Hлллллллллллллллллллллллллллллл[9;24Hлллллллллллллллллллллллллллллл[5;24H[37mлллллллллллллллллллллллллллллл[6;24Hлллллллллллллллллллллллллллллл[7;24Hлллллллллллллллллллллллллллллл[8;24Hлллллллллллллллллллллллллллллл[9;24Hлллллллллллллллллллллллллллллл[0m