[?7h[40m[2J[2C[0;32mYou will now restart your quest with the [1mChangeling Blade [0;32min your inventory.

[33CUse it wisely!



[31C[31m€ﬂﬂﬂ€
[27C€ﬂﬂﬂﬂ [1;30;47m≤[1C[0;31mﬂﬂﬂﬂﬂﬂﬂﬂﬂﬂﬂﬂ€‹‹‹‹‹
[27C€ [1;30m∞±≤€[47m≤±±±±±±∞∞∞∞∞∞[0m‹‹‹‹‹ [31m€
[27C€‹‹‹‹ [1;30;47m≤[1C[0;31m‹‹‹‹‹‹‹‹‹‹‹‹‹‹‹‹‹€
[31C€‹‹‹€



[25C[34m-[36m= [1;34mPress any key to continue [0;36m=[34m-









[0m[255D