[?7h[40m[2J[0;1;31mлл   лл млллллм лл   лл[8Cлл   лл млллллм лл   лл млллллл
ллм млл лл л лл лл   лл[8Cллмммлл ллмммлл лл   лл ллммммл
лплллпл лл   лл лл   лл[8Cллплплл лллпллл ллм млл ллпппп
л ллл л ллллллп ллллллл[8Cлл л лл ллл ллл лплллпл ллллллл
  л л   л л  л  л  л  л[9Cл л л  л л л л л л л л л л л л
ллллллм оллн млллллл ллллллм  ллл   л    л   л л   л л л л л
лл л лл  лл  ллмммм  лл  ллл  лл[13Cл[5Cл[5Cл
лл л лл  лл  ллпппл  лл   лл  пп
ллллллл оллл ллллллл ллллллл  лл
л л л л  л л л л л л л л л л   л
л л л л  л л л   л л л   л л   л
л   л    л л[5Cл[7Cл
    л

[32mSucks to be you!

[0;34m-[36m= [1;34mPress any key to continue [0;36m=[34m-[0m[255D
