[?7h[40m[2J[0;1;31mмллллллллм  мллм[9Cмлллллллм   млллллллм  мллллллллм
лллл п лллл лллл[8Cллллплплллл ллллплплллл ллллл лпллл
лллллллллп  лллл[8Cллл  л  ллл ллл  л  ллл лллл  л ллл
ллллплплллм лллл[8Cллл[5Cллл ллл[5Cллл лллл    ллл
ллллмммлллл ллллммммммм ллллмммлллл ллллмммлллл ллллмммлллл
лллллллллпл лпллллллллл лплллллллпл лплллллллпл ллллллллл л
л л л л л л л л л л л л л л л л л л л л л л л л л л л л л л
  л   л   л   л   л   л   л  [0;31mмлллллм млллллл  [1mл  [0;31mллллллл лл   лл млллллл
[29Cлл   лл ллмммм[8Cолн   ллмммлл ллмммм
    Since August 1999   [5Cлл   лл ллпппп[8Cолн   ллппплл ллпппп
                      [7Cплллллп лл[12Cолн   лл   лл плллллл
[1mмлллллм лл   лл млллллм мллллллм млллллл лл[6Cмлллллл млллллм млллллм
ллл л л ллмммлл лллмллл лл лл лл ллммлм  лл[6Cллммлм  ллл ллл ллл ллл
лл  л   лллпллл лллпллл лл лл лл ллпплп  лл[6Cллпплп  ллл  лл ллл ллл
ллллллл ллл ллл ллл ллл лл лл лл ллллллл ллллллл ллллллл ллллллл ллл ллл
л л л л л л л л л л л л л  л  л  л л л л л л л л л л л л л л л л л л л л
л   л   л   л   л   л   л[5Cл    л   л   л   л   л   л   л   л   л   л
    л[7Cл[7Cл[9Cл[8Cл[7Cл[7Cл[7Cл[7Cл

[1;34m               Please enter an [1;36mAUTOSAVE PASSWORD [1;34mto begin: 
[0;34m                 ФФФФФФФ=[                    ]=ФФФФФФФ
[0;36m  (Alphabet characters only. NOT case sensitive. TAB toggles show/hide.
 If no one else uses this computer, leave this field blank for DEFAULT.)[0m[255D