[?7h[40m[2J[1C[0;1mYou awaken!

[12C[0mWas it all a dream?

[25C[1mIt all felt so real!

[40C[0mYou know where you are...

[1mThis is your bedroom...

[12C[0mYou haven't even seen King Teras yet?

[25C[1mSpeaking of that, it's time to go!

[40C[0mYou've sworn to protect Vulteria!

[1mYou must kill The Chameleon!

[12C[0mYou hurry out of bed, but what's this?

[25C[1mThere's something on your pillow...

[40C[0m<Press any key to continue>[0m[255D
