[?7h[1;1H[40m











[0;1m    F [0mi n a l l y ,   [1mc [0mh o o s e   [1ma   s [0me x u a l   [1mp [0mr e f e r e n c e :

[23C[1;36m(1) [0;36mHeterosexual [1m(4) [0;36mNonsexual
[23C[1m(2) [0;36mBisexual[5C[1m(5) [0;36mAsexual
[23C[1m(3) [0;36mHomosexual   [1m(6) UNDISCLOSED[0m[255D
