[?7h[1;1H[5;23H[0;32m≥[33m∞±≤€∞∞∞∞∞∞∞∞∞∞∞∞∞∞∞∞∞∞∞∞∞∞€≤±∞[32m≥[6;23H≥[33m±≤€∞∞∞∞∞∞∞∞∞∞∞∞∞∞∞∞∞∞∞∞∞∞∞≤±∞€[32m≥[7;23H≥[33m≤€∞±∞∞∞∞∞∞∞∞∞∞∞∞∞∞∞∞∞∞∞∞∞∞±∞€≤[32m≥[8;23H≥[33m€∞±≤∞∞∞∞∞∞∞∞∞∞∞∞∞∞∞∞∞∞∞∞∞∞∞€≤±[32m≥[9;23H≥[33m∞±≤€∞∞∞∞∞∞∞∞∞∞∞∞∞∞∞∞∞∞∞∞∞∞€≤±∞[32m≥[5;24H[33m±≤€∞[22C≤±∞€[6;24H≤€∞±[22C±∞€≤[7;24H€∞±≤[22C∞€≤±[8;24H∞±≤€[22C€≤±∞[9;24H±≤€∞[22C≤±∞€[5;24H≤€∞±[22C±∞€≤[6;24H€∞±≤[22C∞€≤±[7;24H∞±≤€[22C€≤±∞[8;24H±≤€∞[22C≤±∞€[9;24H≤€∞±[22C±∞€≤[5;24H€∞±≤[22C∞€≤±[6;24H∞±≤€[22C€≤±∞[7;24H±≤€∞[22C≤±∞€[8;24H≤€∞±[22C±∞€≤[9;24H€∞±≤[22C∞€≤±[5;24H∞±≤€[22C€≤±∞[6;24H±≤€∞[22C≤±∞€[7;24H≤€∞±[22C±∞€≤[8;24H€∞±≤[22C∞€≤±[9;24H∞±≤€[22C€≤±∞[0m
[5;24H[33m±≤€∞[22C≤±∞€[6;24H≤€∞±[22C±∞€≤[7;24H€∞±≤[22C∞€≤±[8;24H∞±≤€[22C€≤±∞[9;24H±≤€∞[22C≤±∞€[5;24H≤€∞±[22C±∞€≤[6;24H€∞±≤[22C∞€≤±[7;24H∞±≤€[22C€≤±∞[8;24H±≤€∞[22C≤±∞€[9;24H≤€∞±[22C±∞€≤[5;24H€∞±≤[22C∞€≤±[6;24H∞±≤€[22C€≤±∞[7;24H±≤€∞[22C≤±∞€[8;24H≤€∞±[22C±∞€≤[9;24H€∞±≤[22C∞€≤±[5;24H∞±≤€[22C€≤±∞[6;24H±≤€∞[22C≤±∞€[7;24H≤€∞±[22C±∞€≤[8;24H€∞±≤[22C∞€≤±[9;24H∞±≤€[22C€≤±∞[0m
[5;24H[33m±≤€∞[22C≤±∞€[6;24H≤€∞±[22C±∞€≤[7;24H€∞±≤[22C∞€≤±[8;24H∞±≤€[22C€≤±∞[9;24H±≤€∞[22C≤±∞€[5;24H≤€∞±[22C±∞€≤[6;24H€∞±≤[22C∞€≤±[7;24H∞±≤€[22C€≤±∞[8;24H±≤€∞[22C≤±∞€[9;24H≤€∞±[22C±∞€≤[5;24H€∞±≤[22C∞€≤±[6;24H∞±≤€[22C€≤±∞[7;24H±≤€∞[22C≤±∞€[8;24H≤€∞±[22C±∞€≤[9;24H€∞±≤[22C∞€≤±[5;24H∞±≤€[22C€≤±∞[6;24H±≤€∞[22C≤±∞€[7;24H≤€∞±[22C±∞€≤[8;24H€∞±≤[22C∞€≤±[9;24H∞±≤€[22C€≤±∞[0m
[5;24H[33m±≤€∞[22C≤±∞€[6;24H≤€∞±[22C±∞€≤[7;24H€∞±≤[22C∞€≤±[8;24H∞±≤€[22C€≤±∞[9;24H±≤€∞[22C≤±∞€[5;24H≤€∞±[22C±∞€≤[6;24H€∞±≤[22C∞€≤±[7;24H∞±≤€[22C€≤±∞[8;24H±≤€∞[22C≤±∞€[9;24H≤€∞±[22C±∞€≤[5;24H€∞±≤[22C∞€≤±[6;24H∞±≤€[22C€≤±∞[7;24H±≤€∞[22C≤±∞€[8;24H≤€∞±[22C±∞€≤[9;24H€∞±≤[22C∞€≤±[5;24H∞±≤€[22C€≤±∞[6;24H±≤€∞[22C≤±∞€[7;24H≤€∞±[22C±∞€≤[8;24H€∞±≤[22C∞€≤±[9;24H∞±≤€[22C€≤±∞[0m
