[?7h[1;1H[5;24H[0;1;44m≤±∞            ∞±≤±∞          [6;24H±∞            ∞±≤€≤±∞       ∞±[7;24H               ∞±≤€≤€≤±∞     ∞[8;24H      ∞±≤±∞         ∞±∞       [9;24H                              [5;24H±∞            ∞±≤€≤±∞       ∞±[6;24H               ∞±≤€≤€≤±∞     ∞[7;24H      ∞±≤±∞         ∞±∞       [8;24H                              [9;24H[32m    ‹‹‹   ‹€€€€‹   [37m∞±≤±∞[32m‹‹    [5;24H[37m               ∞±≤€≤€≤±∞     ∞[6;24H      ∞±≤±∞         ∞±∞       [7;24H[32m    ‹‹    ‹€€€€‹    ‹€€€‹‹    [8;24H‹‹€€€€€€€€€€€€€€€€€[37m∞±≤±∞[32m€€‹‹€€[9;24H[42m€€ﬂﬂ  ﬂ ﬂ€€€€ﬂﬂ    ﬂ      ﬂﬂﬂ€[5;24H[44m    ‹‹[37m∞±≤±∞[32m€€€€‹    [37m∞±∞[32m€‹‹    [6;24H‹‹€€€€€€€€€€€€€€€€€‹€[42mﬂﬂ[44m€€€‹‹€€[7;24H[42m€€ﬂﬂ  ﬂ ﬂ€€€€ﬂﬂ    [37;44m∞±≤±∞[32;42m  ﬂﬂﬂ€[8;24H ﬂ   ‹     ﬂ        ‹‹€       [9;24H‹‹ ‹€€€€‹‹     ‹‹€‹€€€€€‹‹€€‹ [0m