[?7h[40m[2J[27C[0;34mS U D D E N L Y [16D[32mS U D D E N L Y[15D[36mS U D D E N L Y[15D[31mS U D D E N L Y[15D[35mS U D D E N L Y .[17D[33mS U D D E N L Y .[17D[37mS U D D E N L Y .[17D[1;30mS U D D E N L Y .[17D[34mS U D D E N L Y . .[19D[32mS U D D E N L Y . .[19D[36mS U D D E N L Y . .[19D[31mS U D D E N L Y . .[19D[35mS U D D E N L Y . .[19D[33mS U D D E N L Y . . .[21D[37mS U D D E N L Y . . .[21D[0m                     [0m