[?7h[40m[2J[4C[0;1;31mY  [0;31mo  u[5C[1ma  [0;31mr  e[5C[1mc  [0;31mu  r  r  e  n  t  l  y[5C[1md  [0;31me  a  d  .  .  .


[5C[32mYou have died in battle, but fear not: the last guru you've spoken
    with will surely revive you from your ashes under the midnight moon.


[7C[1mReturn to this land tomorrow. You can do nothing now but wait.


[22C[0;34m-[36m= [1;34mPress any key to continue [0;36m=[34m-[0m[255D
