                                                                 
                       ∞∞∞            d       ∞∞∞∞∞∞∞∞  ∞∞∞∞∞    
                       ∞ ∞    ∞CC∞    ∞       ∞      ∞  ∞   ∞    
                       ∞ ∞   ∞∞∞∞∞∞   ∞       ∞      ∞  ∞ K ∞    
                       ∞ ∞  ∞∞∞∞∞∞∞∞  ∞       ∞      ∞  ∞∞∞∞∞    
                       ∞ ∞∞∞∞∞∞∞∞∞∞∞∞∞∞∞∞∞∞∞∞∞∞      ∞∞∞∞∞∞∞∞    
                       ∞                                         
                       ∞ ∞∞∞∞∞∞∞∞∞∞∞∞∞∞∞∞∞∞∞∞∞∞∞∞∞∞∞∞∞∞∞∞∞∞∞c    
                       ∞ ∞                                       
                       ∞ ∞                                       
                       ∞ ∞∞∞∞∞∞∞∞∞∞∞∞∞∞∞∞∞∞∞∞∞∞∞∞∞∞∞∞∞∞∞∞∞∞∞∞    
                       ∞                      ∞             ∞    
                       ∞     ∞∞∞∞∞∞∞∞∞∞∞∞∞∞∞∞ ∞          V  ∞    
                       ∞     ∞∞        ∞    ∞ ∞          ∞  ∞    
                       ∞∞∞∞∞  ∞∞       ∞    ∞ ∞          ∞  ∞    
                           ∞   ∞∞      ∞    ∞ ∞          ∞  ∞    
                       ∞∞∞∞∞∞   ∞∞    ∞∞∞   ∞ ∞∞∞∞∞∞∞∞∞∞∞∞  ∞    
                       ∞         ∞∞   ∞∞∞   ∞               ∞    
                       ∞∞∞∞∞∞∞∞∞∞∞∞    ;    ∞∞∞∞∞∞∞∞∞∞∞∞∞∞∞∞∞    
                                       ∞                         
€€€€€€€€€€€€€€€€€€€€€€€€€€€€€€€€€€€€€€€|€€€€                     
€€€...........................€I.......'.€€€                     
€€€.€.€€€€€€€€€€€€€€€€€€€€€€€.€€€....€€€.€€€                     
€€€.€.€.......................€W.....€Q€.€€€
€€€.€.€.€€€€€€€€€€€€.€€€€€€€€€€€€€€€.....€€€
€€€.€.€.€€.......b.€.€.v....€......€.....€€€
€€€.€.€.€€.€€€€€€€€€.€€€€€..€..7.........€€€
€€€.€.€.€€..................€......€€€€€€€€€
€€€.€.€..€€€€€€€€€€€€€€€€€€€€'''...€.....€€€
€€€.€.€€.............€......€;;€€€€€..€..€€€
€€€.€..€€€€€€€€€€€€€.€..€€€.€..€......€..€€€
€€€.€€.............€.€..€...€€.€..€€€€€..€€€
€€€..€€€€€€€€€€€€€.€.€..€......€..€......€€€
€€€..€6€5.€.1.€.2€.€.€..€€€€€€€€..€..€€€€€€€
€€€..€.€€.€€.€€€.€.€.€............€..€.a.€€€
€€€.;'...........€.€.€€€€€€€€€€€€€€..€...€€€
€€€.;'.......3...€.€.................€€..€€€
€€€€€'.4.......€€€.€€€€€€€€€€€€€€€€€€€€..€€€
€€€I............W€.......................€€€
€€€€€€€€€€€€€€€€€€€€€€€€€€€€€€€€€€€€€€€€€€€€
€€€€€€€€€€€€€€€€€€€€€€€€€€€€€€€€€€€€€€€€€€€€
€€€€€€€€€€€€€€€€€€€€€€€€€€€€€€€€€€€€€€€€€€€€
€€€€€€€€€€€€€€€€€€€€€€€€€€€€€€€€€€€€€€€€€€€€

