......................................................................"
......................................................................"
..TTTTTTTTTTTTTTTTTTTTTTTTTTTTTTTTTTTTTTTTTT€€€€€TTTTTTTTTTTTTTTTTTT..
..T..........................T..............€~~~€TTD........fFFFFFFf..
..T..........................T..............€ˆÅˆ€TTTTTTTTTT.fCiPPiif..
..T..........................T..............Ò~~~€TTTTTTTTTT.fCiPPiRf..
..T...........................T.............€€€€€TTTTTTTTTT.fCiPPiRf..
..T...........................T.................TTTTTTTTTT..fCiPPiRf..
..T............................TTTTTTT...........TTTTTTTTTTOfCiPPiRf..
..T...................................T.........TTTTTTTTTTT.fCiiiiRf..
..T...................................T..........TTTTTTTTTT.fF∞FFFFf..
..T....................................T....TTTTTTTTTTTTTTT.€€∞€€€€€..
..T...................................T.TTT.TTTTTTTTTTTTTTT.€~~~~~~€..
..T...................................T.....TTT.TTTTTTTTTTT.~~~~~~€..
..T...............HHHHHHHHHHHHHHHHH..TT.TTTT..T.TTTTTTTTTTTT€~~~~~~€..
..T...............HTTTTTTTTTTTTTTTH...T.TTTT.TT.TTTTTTTTT...€€€Ò€€€€..
..T...............HT.....TÃT.....TH..........TT..TTTTTTTT..........T..
..T...............HT..ÃÃ.T.T.ÃÃ..TH.....TTTT....TTTTTTTT...........T..
..T...............HT....TTÇTT....TH......TTTT.AAAAAAA..............T..
..T...............HT.............TH.........A.A0A56A...............T..
..T...............HT.............TH..v.....AA.A.A78A...............T..
..T...............HT.....€€€€€€€€€H.......AAA.A.AAA................T..
..T...............H€€€€€€@€€ÏÏÏœ€H.......AAA...A.AA...............T..
..T...............H€~~~~Ò@@@€~~~~€H...v..A56AAA.A.AAAA.............T..
..T...............H€€*€€€@@@Ò~~~~€H......A78AAA.A....A.............T..
..T...............H€D~~~Ò@@@*~~  €H.....AAAA....A.AAAA.............T..
..T...............H€€€€€€@@@€€€€€€H......A...AAAA.A................T..
..T...............H€œÏÏœ*@@@*Ï~~œ€H.w....A.AAAAAA.A................T..
..T...............H€œ~~~Ò@@@Ò~~~~€H.w....A......A.A................T..
..T...............H€œ~~~€@@@€~~~~€H........AA.AAA.A................T..
..T...............H€œ~~œ€@@@€~~  €H..v....AA....A.A................T..
..T...............H€€€€€€€|€€€€€€€H...T..AAA.AA.A.AAAA.............T..
..T...............HHHHHHHHÌHHHHHHHH......AAA.AA.A....A.............T..
..T...............HHHHHHHHÓHHHHHHHH......AAA.AA.AAAA.A.............T..
..T...............HHHHHHHHÔHHHHHHHH.......AA.AA.A....A.............T..
..T......................∞∞∞...............A......AAAA.............T..
..T...............T......∞∞∞.....€€€€€€.....AAAAAAAA...............T..
..T......................'''.....€''''€.......AAA..................T..
..T...............v..T...'('.....€''''€............................T..
..T......................'''..w..€''''€...w........................T..
..T......................∞∞∞.....€Ò€€€€............................T..
..T....................v.∞∞∞......∞„...............................T..
..T.............€€€€€€...∞∞∞......∞..€€€€€.........................T..
..T.............€''''€...∞∞∞......∞..€'''€.........................T..
..T.............€    €...∞∞∞∞∞∞∞∞∞∞∞∞€'''€.........................T..
..T.............€''''€Â..∞∞∞........∞€   €.........................T..
..T.............€''''Ò∞∞∞∞∞∞.......Ê∞Ò'''€.........................T..
..T.............€€€€€€...∞∞∞...T.....€'''€.........................t..
..T......................∞∞∞.........€€€€€.........................T..
..T...................v..∞∞∞.......................................T..
..T..................€€€*ÒÒÒ*€€€.......w...........................T..
..T..............T...€'''''''''€.........4-------------------------T--
..T..................€'À     À'€....v.4--yHHHHHHHHHHHHHHHHHHHHHHHHHHHH
..T..................€'''''''''€......IHHHHHHHHHHHHHHHHHHHHHHHHHHHHHHH
..T..................€'À     À'€......IHH#############################
..T..................€'''''''''€.....4yHH#############################
..T..................€€€€€€€€€€€..4--yHHH#############################
..T...................w..........4yHHHHH##############################
..T..........................v...IHHHH################################
..T.....................TTT......IHH##################################
..TTTTTTTTTTTTTTTTTTTTTTTTTTTTTTTTHH##################################

